mode: set
github.com/vocbl/users-svc/internal/application/onboard/external_identity.go:23.137,25.16 2 1
github.com/vocbl/users-svc/internal/application/onboard/external_identity.go:25.16,27.3 1 1
github.com/vocbl/users-svc/internal/application/onboard/external_identity.go:29.2,30.16 2 1
github.com/vocbl/users-svc/internal/application/onboard/external_identity.go:30.16,32.3 1 1
github.com/vocbl/users-svc/internal/application/onboard/external_identity.go:34.2,34.25 1 1
github.com/vocbl/users-svc/internal/application/onboard/external_identity.go:34.25,36.17 2 1
github.com/vocbl/users-svc/internal/application/onboard/external_identity.go:36.17,38.4 1 1
github.com/vocbl/users-svc/internal/application/onboard/external_identity.go:40.3,40.10 1 1
github.com/vocbl/users-svc/internal/application/onboard/external_identity.go:41.45,42.57 1 1
github.com/vocbl/users-svc/internal/application/onboard/external_identity.go:43.48,45.12 2 1
github.com/vocbl/users-svc/internal/application/onboard/external_identity.go:46.11,47.44 1 1
github.com/vocbl/users-svc/internal/application/onboard/external_identity.go:52.2,52.60 1 1
github.com/vocbl/users-svc/internal/application/onboard/external_identity.go:55.154,57.16 2 1
github.com/vocbl/users-svc/internal/application/onboard/external_identity.go:57.16,59.3 1 1
github.com/vocbl/users-svc/internal/application/onboard/external_identity.go:61.2,61.66 1 1
github.com/vocbl/users-svc/internal/application/onboard/external_identity.go:61.66,63.17 2 1
github.com/vocbl/users-svc/internal/application/onboard/external_identity.go:63.17,65.4 1 0
github.com/vocbl/users-svc/internal/application/onboard/external_identity.go:67.3,68.17 2 1
github.com/vocbl/users-svc/internal/application/onboard/external_identity.go:68.17,70.4 1 1
github.com/vocbl/users-svc/internal/application/onboard/external_identity.go:72.3,72.34 1 1
github.com/vocbl/users-svc/internal/application/onboard/external_identity.go:75.2,75.16 1 1
github.com/vocbl/users-svc/internal/application/onboard/external_identity.go:75.16,76.10 1 1
github.com/vocbl/users-svc/internal/application/onboard/external_identity.go:77.46,78.25 1 1
github.com/vocbl/users-svc/internal/application/onboard/external_identity.go:79.44,80.37 1 1
github.com/vocbl/users-svc/internal/application/onboard/external_identity.go:82.3,82.47 1 1
github.com/vocbl/users-svc/internal/application/onboard/external_identity.go:85.2,85.12 1 1
github.com/vocbl/users-svc/internal/application/onboard/onboard.go:25.104,26.20 1 0
github.com/vocbl/users-svc/internal/application/onboard/onboard.go:26.20,28.3 1 0
github.com/vocbl/users-svc/internal/application/onboard/onboard.go:30.2,31.16 2 0
github.com/vocbl/users-svc/internal/application/onboard/onboard.go:31.16,33.3 1 0
github.com/vocbl/users-svc/internal/application/onboard/onboard.go:35.2,35.21 1 0
github.com/vocbl/users-svc/internal/application/onboard/onboard.go:38.136,42.16 3 0
github.com/vocbl/users-svc/internal/application/onboard/onboard.go:42.16,44.3 1 0
github.com/vocbl/users-svc/internal/application/onboard/onboard.go:46.2,47.16 2 0
github.com/vocbl/users-svc/internal/application/onboard/onboard.go:47.16,49.3 1 0
github.com/vocbl/users-svc/internal/application/onboard/onboard.go:51.2,51.17 1 0
github.com/vocbl/users-svc/internal/application/onboard/onboard.go:51.17,53.3 1 0
github.com/vocbl/users-svc/internal/application/onboard/onboard.go:55.2,55.74 1 0
github.com/vocbl/users-svc/internal/application/onboard/onboard.go:55.74,57.17 2 0
github.com/vocbl/users-svc/internal/application/onboard/onboard.go:57.17,59.4 1 0
github.com/vocbl/users-svc/internal/application/onboard/onboard.go:61.3,61.98 1 0
github.com/vocbl/users-svc/internal/application/onboard/onboard.go:64.2,64.16 1 0
github.com/vocbl/users-svc/internal/application/onboard/onboard.go:64.16,68.10 3 0
github.com/vocbl/users-svc/internal/application/onboard/onboard.go:69.45,70.26 1 0
github.com/vocbl/users-svc/internal/application/onboard/onboard.go:71.48,72.29 1 0
github.com/vocbl/users-svc/internal/application/onboard/onboard.go:73.11,75.31 2 0
github.com/vocbl/users-svc/internal/application/onboard/onboard.go:75.31,79.5 3 0
github.com/vocbl/users-svc/internal/application/onboard/onboard.go:82.3,82.67 1 0
github.com/vocbl/users-svc/internal/application/onboard/onboard.go:85.2,85.54 1 0
github.com/vocbl/users-svc/internal/application/onboard/onboard.go:88.91,90.16 2 0
github.com/vocbl/users-svc/internal/application/onboard/onboard.go:90.16,92.3 1 0
github.com/vocbl/users-svc/internal/application/onboard/onboard.go:94.2,94.74 1 0
github.com/vocbl/users-svc/internal/application/onboard/onboard.go:94.74,96.17 2 0
github.com/vocbl/users-svc/internal/application/onboard/onboard.go:96.17,98.4 1 0
github.com/vocbl/users-svc/internal/application/onboard/onboard.go:100.3,101.17 2 0
github.com/vocbl/users-svc/internal/application/onboard/onboard.go:101.17,103.4 1 0
github.com/vocbl/users-svc/internal/application/onboard/onboard.go:105.3,106.17 2 0
github.com/vocbl/users-svc/internal/application/onboard/onboard.go:106.17,108.4 1 0
github.com/vocbl/users-svc/internal/application/onboard/onboard.go:110.3,110.92 1 0
github.com/vocbl/users-svc/internal/application/onboard/onboard.go:113.2,113.16 1 0
github.com/vocbl/users-svc/internal/application/onboard/onboard.go:113.16,114.44 1 0
github.com/vocbl/users-svc/internal/application/onboard/onboard.go:114.44,116.4 1 0
github.com/vocbl/users-svc/internal/application/onboard/onboard.go:117.3,117.39 1 0
github.com/vocbl/users-svc/internal/application/onboard/onboard.go:120.2,120.12 1 0
github.com/vocbl/users-svc/internal/application/onboard/onboard.go:123.90,125.16 2 0
github.com/vocbl/users-svc/internal/application/onboard/onboard.go:125.16,127.3 1 0
github.com/vocbl/users-svc/internal/application/onboard/onboard.go:129.2,130.16 2 0
github.com/vocbl/users-svc/internal/application/onboard/onboard.go:130.16,131.44 1 0
github.com/vocbl/users-svc/internal/application/onboard/onboard.go:131.44,133.4 1 0
github.com/vocbl/users-svc/internal/application/onboard/onboard.go:134.3,134.38 1 0
github.com/vocbl/users-svc/internal/application/onboard/onboard.go:137.2,137.12 1 0
github.com/vocbl/users-svc/internal/application/onboard/onboard.go:140.95,142.16 2 0
github.com/vocbl/users-svc/internal/application/onboard/onboard.go:142.16,144.3 1 0
github.com/vocbl/users-svc/internal/application/onboard/onboard.go:146.2,147.16 2 0
github.com/vocbl/users-svc/internal/application/onboard/onboard.go:147.16,149.3 1 0
github.com/vocbl/users-svc/internal/application/onboard/onboard.go:151.2,151.70 1 0
github.com/vocbl/users-svc/internal/application/onboard/onboard.go:151.70,153.17 2 0
github.com/vocbl/users-svc/internal/application/onboard/onboard.go:153.17,155.4 1 0
github.com/vocbl/users-svc/internal/application/onboard/onboard.go:157.3,158.17 2 0
github.com/vocbl/users-svc/internal/application/onboard/onboard.go:158.17,160.4 1 0
github.com/vocbl/users-svc/internal/application/onboard/onboard.go:162.3,163.17 2 0
github.com/vocbl/users-svc/internal/application/onboard/onboard.go:163.17,165.4 1 0
github.com/vocbl/users-svc/internal/application/onboard/onboard.go:167.3,167.50 1 0
github.com/vocbl/users-svc/internal/application/onboard/onboard.go:170.2,170.16 1 0
github.com/vocbl/users-svc/internal/application/onboard/onboard.go:170.16,171.44 1 0
github.com/vocbl/users-svc/internal/application/onboard/onboard.go:171.44,173.4 1 0
github.com/vocbl/users-svc/internal/application/onboard/onboard.go:175.3,175.40 1 0
github.com/vocbl/users-svc/internal/application/onboard/onboard.go:178.2,178.12 1 0
github.com/vocbl/users-svc/internal/application/onboard/onboard.go:181.81,183.2 1 0
github.com/vocbl/users-svc/internal/application/onboard/provider.go:22.28,33.16 2 1
github.com/vocbl/users-svc/internal/application/onboard/provider.go:33.16,35.3 1 0
github.com/vocbl/users-svc/internal/application/onboard/provider.go:37.2,40.8 1 1
github.com/vocbl/users-svc/internal/application/onboard/provider.go:46.40,57.16 2 1
github.com/vocbl/users-svc/internal/application/onboard/provider.go:57.16,59.3 1 1
github.com/vocbl/users-svc/internal/application/onboard/provider.go:61.2,64.8 1 1
github.com/vocbl/users-svc/internal/application/onboard/provider.go:70.37,81.16 2 1
github.com/vocbl/users-svc/internal/application/onboard/provider.go:81.16,83.3 1 1
github.com/vocbl/users-svc/internal/application/onboard/provider.go:85.2,88.8 1 1
github.com/vocbl/users-svc/internal/application/onboard/verification_starter.go:16.124,20.16 3 1
github.com/vocbl/users-svc/internal/application/onboard/verification_starter.go:20.16,22.3 1 1
github.com/vocbl/users-svc/internal/application/onboard/verification_starter.go:24.2,25.16 2 1
github.com/vocbl/users-svc/internal/application/onboard/verification_starter.go:25.16,27.3 1 1
github.com/vocbl/users-svc/internal/application/onboard/verification_starter.go:29.2,30.16 2 1
github.com/vocbl/users-svc/internal/application/onboard/verification_starter.go:30.16,32.3 1 1
github.com/vocbl/users-svc/internal/application/onboard/verification_starter.go:34.2,34.17 1 1
github.com/vocbl/users-svc/internal/application/onboard/verification_starter.go:34.17,36.3 1 1
github.com/vocbl/users-svc/internal/application/onboard/verification_starter.go:38.2,39.16 2 1
github.com/vocbl/users-svc/internal/application/onboard/verification_starter.go:39.16,41.3 1 1
github.com/vocbl/users-svc/internal/application/onboard/verification_starter.go:43.2,43.81 1 1
github.com/vocbl/users-svc/internal/application/onboard/verification_starter.go:43.81,45.17 2 1
github.com/vocbl/users-svc/internal/application/onboard/verification_starter.go:45.17,47.4 1 1
github.com/vocbl/users-svc/internal/application/onboard/verification_starter.go:49.3,50.17 2 1
github.com/vocbl/users-svc/internal/application/onboard/verification_starter.go:50.17,52.4 1 1
github.com/vocbl/users-svc/internal/application/onboard/verification_starter.go:54.3,55.17 2 1
github.com/vocbl/users-svc/internal/application/onboard/verification_starter.go:55.17,57.4 1 1
github.com/vocbl/users-svc/internal/application/onboard/verification_starter.go:59.3,59.82 1 1
github.com/vocbl/users-svc/internal/application/onboard/verification_starter.go:62.2,62.16 1 1
github.com/vocbl/users-svc/internal/application/onboard/verification_starter.go:62.16,63.44 1 1
github.com/vocbl/users-svc/internal/application/onboard/verification_starter.go:63.44,65.4 1 1
github.com/vocbl/users-svc/internal/application/onboard/verification_starter.go:66.3,66.37 1 1
github.com/vocbl/users-svc/internal/application/onboard/verification_starter.go:69.2,69.12 1 1
